[
  {
    "slots": {
      "body": "<script src=\"/static/test-page/lasso-modules-client$2.0.5/src/index.js\"></script>\n<script src=\"/static/test-page/lasso$3.0.0-beta.10/test/autotests/prebuild-page/prebuild-resource/ebay.png.js\"></script>\n<script>$_mod.ready();</script>"
    },
    "assets": [],
    "name": "test-page"
  }
]
