[
  {
    "slots": {
      "body": [
        {
          "contentType": "js",
          "content": [
            {
              "inline": false,
              "code": {
                "src": "/static/page/lasso/test/autotests/prebuild-page/multi-prebuild/a.js"
              }
            }
          ]
        }
      ]
    },
    "assets": [],
    "name": "page"
  }
]