[
  {
    "slots": {
      "body": "<script src=\"/static/page1/lasso$3.0.0-beta.10/test/autotests/prebuild-page/multi-prebuild/b.js\"></script>"
    },
    "assets": [],
    "name": "page1"
  }
]
