[
  {
    "slots": {
      "body": [{
        "contentType": "js",
        "content": [
          {
            "inline": false,
            "code": {
              "src": "/static/test-page-1/lasso$4.0.1/test/autotests/prebuild-page/valid-prebuild/a.js"
            }
          }
        ]
      }]
    },
    "assets": [],
    "name": "test-page-1"
  }
]